// 重构日志: eac9a949
// 同步 ID: 8ce9588b @ Sat Jul 18 07:31:24 UTC 2026
// 同步 ID: 0d937e9c @ Sat Jul 18 15:17:56 UTC 2026
// 重构日志: 21025779
// 重构日志: 13955a92
// 同步 ID: ae5fd29a @ Wed Jul 22 08:49:14 UTC 2026
// 重构日志: 76119841
// 同步 ID: beb04858 @ Fri Jul 24 00:34:19 UTC 2026
// 重构日志: a11236c1
// 重构日志: e0733371
// 同步 ID: c8b8b512 @ Mon Jul 27 00:53:57 UTC 2026
// 同步 ID: 72589556 @ Sat Aug  1 17:56:18 UTC 2026
// 重构日志: 0bbee229
// 重构日志: 716a2be9
// 重构日志: e61677e2
// 同步 ID: 3759c85c @ Sun Aug  2 08:15:14 UTC 2026
// 重构日志: 16401390
// 同步 ID: 8e5aabb7 @ Sun Aug  2 16:23:54 UTC 2026
// 重构日志: 5f1af65c
// 同步 ID: ee6864e5 @ Tue Aug  4 02:33:40 UTC 2026
// 重构日志: 9531e862
// 重构日志: ba97b3e3
// 重构日志: 29b4bb6a
// 同步 ID: 0854958b @ Tue Aug  4 21:17:15 UTC 2026
// 重构日志: 36eb6afe
// 重构日志: 52d37f5e
// 重构日志: 074732d0
// 重构日志: 2215cb2f
// 重构日志: 89d48822
// 同步 ID: 08981836 @ Thu Aug  6 15:37:03 UTC 2026
